// Jest Snapshot v1, https://jestjs.io/docs/snapshot-testing

exports[`Game getBoard returns correct board after first move 1`] = `
{
  "A": [
    null,
    {
      "hasMoved": false,
      "player": "WHITE",
      "type": "R",
    },
    {
      "player": "WHITE",
      "type": "P",
    },
    null,
    null,
    null,
    null,
    {
      "player": "BLACK",
      "type": "P",
    },
    {
      "hasMoved": false,
      "player": "BLACK",
      "type": "R",
    },
  ],
  "B": [
    null,
    {
      "player": "WHITE",
      "type": "N",
    },
    {
      "player": "WHITE",
      "type": "P",
    },
    null,
    null,
    null,
    null,
    {
      "player": "BLACK",
      "type": "P",
    },
    {
      "player": "BLACK",
      "type": "N",
    },
  ],
  "C": [
    null,
    {
      "player": "WHITE",
      "type": "B",
    },
    {
      "player": "WHITE",
      "type": "P",
    },
    null,
    null,
    null,
    null,
    {
      "player": "BLACK",
      "type": "P",
    },
    {
      "player": "BLACK",
      "type": "B",
    },
  ],
  "D": [
    null,
    {
      "player": "WHITE",
      "type": "Q",
    },
    {
      "player": "WHITE",
      "type": "P",
    },
    null,
    null,
    null,
    null,
    {
      "player": "BLACK",
      "type": "P",
    },
    {
      "player": "BLACK",
      "type": "Q",
    },
  ],
  "E": [
    null,
    {
      "hasMoved": false,
      "player": "WHITE",
      "type": "K",
    },
    {
      "player": "WHITE",
      "type": "P",
    },
    null,
    null,
    null,
    null,
    {
      "player": "BLACK",
      "type": "P",
    },
    {
      "hasMoved": false,
      "player": "BLACK",
      "type": "K",
    },
  ],
  "F": [
    null,
    {
      "player": "WHITE",
      "type": "B",
    },
    {
      "player": "WHITE",
      "type": "P",
    },
    null,
    null,
    null,
    null,
    {
      "player": "BLACK",
      "type": "P",
    },
    {
      "player": "BLACK",
      "type": "B",
    },
  ],
  "G": [
    null,
    {
      "player": "WHITE",
      "type": "N",
    },
    {
      "player": "WHITE",
      "type": "P",
    },
    null,
    null,
    null,
    null,
    {
      "player": "BLACK",
      "type": "P",
    },
    {
      "player": "BLACK",
      "type": "N",
    },
  ],
  "H": [
    null,
    {
      "hasMoved": false,
      "player": "WHITE",
      "type": "R",
    },
    {
      "player": "WHITE",
      "type": "P",
    },
    null,
    null,
    null,
    null,
    {
      "player": "BLACK",
      "type": "P",
    },
    {
      "hasMoved": false,
      "player": "BLACK",
      "type": "R",
    },
  ],
}
`;

exports[`Game getBoard returns starting board when called on new game 1`] = `
{
  "A": [
    null,
    {
      "hasMoved": false,
      "player": "WHITE",
      "type": "R",
    },
    {
      "player": "WHITE",
      "type": "P",
    },
    null,
    null,
    null,
    null,
    {
      "player": "BLACK",
      "type": "P",
    },
    {
      "hasMoved": false,
      "player": "BLACK",
      "type": "R",
    },
  ],
  "B": [
    null,
    {
      "player": "WHITE",
      "type": "N",
    },
    {
      "player": "WHITE",
      "type": "P",
    },
    null,
    null,
    null,
    null,
    {
      "player": "BLACK",
      "type": "P",
    },
    {
      "player": "BLACK",
      "type": "N",
    },
  ],
  "C": [
    null,
    {
      "player": "WHITE",
      "type": "B",
    },
    {
      "player": "WHITE",
      "type": "P",
    },
    null,
    null,
    null,
    null,
    {
      "player": "BLACK",
      "type": "P",
    },
    {
      "player": "BLACK",
      "type": "B",
    },
  ],
  "D": [
    null,
    {
      "player": "WHITE",
      "type": "Q",
    },
    {
      "player": "WHITE",
      "type": "P",
    },
    null,
    null,
    null,
    null,
    {
      "player": "BLACK",
      "type": "P",
    },
    {
      "player": "BLACK",
      "type": "Q",
    },
  ],
  "E": [
    null,
    {
      "hasMoved": false,
      "player": "WHITE",
      "type": "K",
    },
    {
      "player": "WHITE",
      "type": "P",
    },
    null,
    null,
    null,
    null,
    {
      "player": "BLACK",
      "type": "P",
    },
    {
      "hasMoved": false,
      "player": "BLACK",
      "type": "K",
    },
  ],
  "F": [
    null,
    {
      "player": "WHITE",
      "type": "B",
    },
    {
      "player": "WHITE",
      "type": "P",
    },
    null,
    null,
    null,
    null,
    {
      "player": "BLACK",
      "type": "P",
    },
    {
      "player": "BLACK",
      "type": "B",
    },
  ],
  "G": [
    null,
    {
      "player": "WHITE",
      "type": "N",
    },
    {
      "player": "WHITE",
      "type": "P",
    },
    null,
    null,
    null,
    null,
    {
      "player": "BLACK",
      "type": "P",
    },
    {
      "player": "BLACK",
      "type": "N",
    },
  ],
  "H": [
    null,
    {
      "hasMoved": false,
      "player": "WHITE",
      "type": "R",
    },
    {
      "player": "WHITE",
      "type": "P",
    },
    null,
    null,
    null,
    null,
    {
      "player": "BLACK",
      "type": "P",
    },
    {
      "hasMoved": false,
      "player": "BLACK",
      "type": "R",
    },
  ],
}
`;
